üß† CPU Info
Intel(R) Core(TM) i3-1000NG4 CPU @ 1.10GHz

üñ•Ô∏è Hardware Overview
Hardware:

    Model Name: MacBook Air
    Model Identifier: MacBookAir9,1
    Processor Name: Dual-Core Intel Core i3
    Processor Speed: 1.1 GHz
    Number of Processors: 1
    Total Number of Cores: 2
    L2 Cache (per Core): 512 KB
    L3 Cache: 4 MB
    Hyper-Threading Technology: Enabled
    Memory: 8 GB
    System Firmware Version: 2075.120.2.0.0
    OS Loader Version: 583~1350
    Serial Number (system): [REDACTED]
    Hardware UUID: [REDACTED]
    Provisioning UDID: [REDACTED]
    Activation Lock Status: Enabled

üíæ Disk Partitions
/dev/disk0 (internal, physical):
   #:                       TYPE NAME                    SIZE       IDENTIFIER
   0:      GUID_partition_scheme                        *251.0 GB   disk0
   1:                        EFI EFI                     314.6 MB   disk0s1
   2:                 Apple_APFS Container disk1         250.7 GB   disk0s2

/dev/disk1 (synthesized):
   #:                       TYPE NAME                    SIZE       IDENTIFIER
   0:      APFS Container Scheme -                      +250.7 GB   disk1
                                 Physical Store disk0s2
   1:                APFS Volume Macintosh HD            11.2 GB    disk1s1
   2:              APFS Snapshot com.apple.os.update‚Ä¶   11.2 GB    disk1s1s1
   3:                APFS Volume Macintosh HD - Data     127.8 GB   disk1s2
   4:                APFS Volume Preboot                 2.5 GB     disk1s3
   5:                APFS Volume Recovery                1.3 GB     disk1s4
   6:                APFS Volume VM                      1.1 GB     disk1s5

üìä Disk Usage
Filesystem        Size    Used   Avail Capacity iused ifree %iused  Mounted on
/dev/disk1s1s1   233Gi    10Gi    99Gi    10%    426k  1.0G    0%   /
devfs            190Ki   190Ki     0Bi   100%     658     0  100%   /dev
/dev/disk1s3     233Gi   2.3Gi    99Gi     3%    3.6k  1.0G    0%   /System/Volumes/Preboot
/dev/disk1s5     233Gi   1.0Gi    99Gi     1%       1  1.0G    0%   /System/Volumes/VM
/dev/disk1s6     233Gi   2.5Mi    99Gi     1%      26  1.0G    0%   /System/Volumes/Update
/dev/disk1s2     233Gi   119Gi    99Gi    55%    1.2M  1.0G    0%   /System/Volumes/Data

üß¨ Memory Info
    BANK 0/ChannelA-DIMM0:
      Size: 4 GB
      Type: LPDDR4X
      Speed: 3733 MHz
      Status: OK
      Manufacturer: SK Hynix
      Part Number: H9HCNNNCRMALPR-NEE
      Serial Number: [REDACTED]
    BANK 2/ChannelB-DIMM0:
      Size: 4 GB
      Type: LPDDR4X
      Speed: 3733 MHz
      Status: OK
      Manufacturer: SK Hynix
      Part Number: H9HCNNNCRMALPR-NEE
      Serial Number: [REDACTED]

üé® Graphics & Displays
    Intel Iris Plus Graphics:
      VRAM (Dynamic, Max): 1536 MB
      Metal Support: Metal 3
    Displays:
      Color LCD: 2560 x 1600 Retina
      ASUS VG247Q1A: 1920 x 1080 @ 60Hz
        Display Serial Number: [REDACTED]

üîã Battery / Power Info
    Serial Number: [REDACTED]
    Manufacturer: SMP
    Full Charge Capacity (mAh): 3690
    Cycle Count: 319
    Condition: Normal
    Charger Wattage: 53W

üåê Network Interfaces
    Hardware Port: Wi-Fi
    Device: en0
    Ethernet Address: [REDACTED]
    Hardware Port: Thunderbolt 1/2/Bridge
    Ethernet Address: [REDACTED]

üß∞ Firmware Info
(Section was empty or elided)

üß± Kernel Extensions
(Only first 20 shown ‚Äî standard Apple-signed kexts ‚Äî safe to share)

üì¶ Installed Apps (Summary)
(System default apps shown ‚Äî no personally installed items listed)

üßæ macOS Version
ProductName:     macOS  
ProductVersion:  15.5  
BuildVersion:    24F74

üîê Secure Boot / T2 Info
Model Name: Apple T2 Security Chip  
Firmware Version: 22P5072  
Boot UUID: [REDACTED]

üßº Uptime
21:40  up 6 mins, 2 users, load averages: [REDACTED for brevity]

üÜî Mac Model Identifier
MacBookAir9,1
